// Jest Snapshot v1, https://goo.gl/fbAQLP

exports[`GenresList renders correctly 1`] = `
<ul
  className="catalog__genres-list"
>
  <Connect(GenreItem)
    activeTab={false}
    key="All genres"
    name="All genres"
  />
  <Connect(GenreItem)
    activeTab={false}
    key="Fantasy"
    name="Fantasy"
  />
  <Connect(GenreItem)
    activeTab={false}
    key="Drama"
    name="Drama"
  />
  <Connect(GenreItem)
    activeTab={false}
    key="Adventures"
    name="Adventures"
  />
  <Connect(GenreItem)
    activeTab={false}
    key="Comedy"
    name="Comedy"
  />
  <Connect(GenreItem)
    activeTab={false}
    key="Thriller"
    name="Thriller"
  />
  <Connect(GenreItem)
    activeTab={false}
    key="Action"
    name="Action"
  />
</ul>
`;
