// Jest Snapshot v1, https://goo.gl/fbAQLP

exports[`FilmList renders correctly 1`] = `
<div
  className="catalog__movies-list"
>
  <FilmCard
    film={
      Object {
        "genre": "Comedy",
        "id": 1,
        "name": "Macbeth",
        "previewImage": "",
        "videoLink": "",
      }
    }
    key="movie-1"
    onHeaderClick={[MockFunction]}
    onMouseEnter={[Function]}
    onMouseLeave={[Function]}
  />
  <FilmCard
    film={
      Object {
        "genre": "Drama",
        "id": 2,
        "name": "Aviator",
        "previewImage": "",
        "videoLink": "",
      }
    }
    key="movie-2"
    onHeaderClick={[MockFunction]}
    onMouseEnter={[Function]}
    onMouseLeave={[Function]}
  />
</div>
`;
